%!Adobe-FontList 1.14
%Locale:0xc09

%BeginFont
Handler:DirectoryHandler
FontType:Invalid
OutlineFileName:W:\frameaustralia.website.2014\administrator\components\com_events\assets\Font\courier.php
FileModTime:1308367128
%EndFont

%BeginFont
Handler:DirectoryHandler
FontType:Invalid
OutlineFileName:W:\frameaustralia.website.2014\administrator\components\com_events\assets\Font\courierb.php
FileModTime:1308367128
%EndFont

%BeginFont
Handler:DirectoryHandler
FontType:Invalid
OutlineFileName:W:\frameaustralia.website.2014\administrator\components\com_events\assets\Font\courierbi.php
FileModTime:1308367100
%EndFont

%BeginFont
Handler:DirectoryHandler
FontType:Invalid
OutlineFileName:W:\frameaustralia.website.2014\administrator\components\com_events\assets\Font\courieri.php
FileModTime:1308367100
%EndFont

%BeginFont
Handler:DirectoryHandler
FontType:Invalid
OutlineFileName:W:\frameaustralia.website.2014\administrator\components\com_events\assets\Font\helvetica.php
FileModTime:1308367128
%EndFont

%BeginFont
Handler:DirectoryHandler
FontType:Invalid
OutlineFileName:W:\frameaustralia.website.2014\administrator\components\com_events\assets\Font\helveticab.php
FileModTime:1308367128
%EndFont

%BeginFont
Handler:DirectoryHandler
FontType:Invalid
OutlineFileName:W:\frameaustralia.website.2014\administrator\components\com_events\assets\Font\helveticabi.php
FileModTime:1308367100
%EndFont

%BeginFont
Handler:DirectoryHandler
FontType:Invalid
OutlineFileName:W:\frameaustralia.website.2014\administrator\components\com_events\assets\Font\helveticai.php
FileModTime:1308367128
%EndFont

%BeginFont
Handler:DirectoryHandler
FontType:Invalid
OutlineFileName:W:\frameaustralia.website.2014\administrator\components\com_events\assets\Font\symbol.php
FileModTime:1308367100
%EndFont

%BeginFont
Handler:DirectoryHandler
FontType:Invalid
OutlineFileName:W:\frameaustralia.website.2014\administrator\components\com_events\assets\Font\times.php
FileModTime:1308367100
%EndFont

%BeginFont
Handler:DirectoryHandler
FontType:Invalid
OutlineFileName:W:\frameaustralia.website.2014\administrator\components\com_events\assets\Font\timesb.php
FileModTime:1308367128
%EndFont

%BeginFont
Handler:DirectoryHandler
FontType:Invalid
OutlineFileName:W:\frameaustralia.website.2014\administrator\components\com_events\assets\Font\timesbi.php
FileModTime:1308367128
%EndFont

%BeginFont
Handler:DirectoryHandler
FontType:Invalid
OutlineFileName:W:\frameaustralia.website.2014\administrator\components\com_events\assets\Font\timesi.php
FileModTime:1308367128
%EndFont

%BeginFont
Handler:DirectoryHandler
FontType:Invalid
OutlineFileName:W:\frameaustralia.website.2014\administrator\components\com_events\assets\Font\zapfdingbats.php
FileModTime:1308367128
%EndFont

